// Jest Snapshot v1, https://goo.gl/fbAQLP

exports[`AppRouter should show login page if user is not authenticated 1`] = `
<div>
  <div
    class="container"
  >
    <div
      class="min-vh-100 d-flex align-items-center justify-content-center"
    >
      <div
        class="row w-100 border rounded shadow bg-white py-5 px-3 g-5"
      >
        <div
          class="col-lg-6 m-0"
        >
          <h3>
            Login
          </h3>
          <hr />
          <form>
            <div
              class="form-group mb-3"
            >
              <input
                class="form-control"
                name="loginEmail"
                placeholder="Email"
                type="email"
                value=""
              />
            </div>
            <div
              class="form-group mb-3"
            >
              <input
                class="form-control"
                name="loginPassword"
                placeholder="Password"
                type="password"
                value=""
              />
            </div>
            <div
              class="form-group mb-3 text-end"
            >
              <input
                class="btn btn-primary px-5"
                type="submit"
                value="Login"
              />
            </div>
          </form>
        </div>
        <div
          class="col-lg-6 m-0"
        >
          <h3>
            Create an account
          </h3>
          <hr />
          <form>
            <div
              class="form-group mb-3"
            >
              <input
                class="form-control"
                name="registerName"
                placeholder="Name"
                type="text"
                value=""
              />
            </div>
            <div
              class="form-group mb-3"
            >
              <input
                class="form-control"
                name="registerEmail"
                placeholder="Email"
                type="email"
                value=""
              />
            </div>
            <div
              class="form-group mb-3"
            >
              <input
                class="form-control"
                name="registerPassword"
                placeholder="Password"
                type="password"
                value=""
              />
            </div>
            <div
              class="form-group mb-3"
            >
              <input
                class="form-control"
                name="registerPasswordConfirm"
                placeholder="Confirm password"
                type="password"
                value=""
              />
            </div>
            <div
              class="form-group mb-3 text-end"
            >
              <input
                class="btn btn-primary px-5"
                type="submit"
                value="Register"
              />
            </div>
          </form>
        </div>
      </div>
    </div>
  </div>
</div>
`;
